

================================================================
== Vivado HLS Report for 'ModExp_montMult'
================================================================
* Date:           Sat Jan 14 14:32:08 2017

* Version:        2016.2 (Build 1577090 on Thu Jun 02 16:59:10 MDT 2016)
* Project:        ws_rsa64bit
* Solution:       solution1
* Product family: zynq
* Target device:  xc7z020clg484-1


================================================================
== Performance Estimates
================================================================
+ Timing (ns): 
    * Summary: 
    +--------+-------+----------+------------+
    |  Clock | Target| Estimated| Uncertainty|
    +--------+-------+----------+------------+
    |ap_clk  |  20.00|     17.01|        2.50|
    +--------+-------+----------+------------+

+ Latency (clock cycles): 
    * Summary: 
    +------+------+------+------+---------+
    |   Latency   |   Interval  | Pipeline|
    |  min |  max |  min |  max |   Type  |
    +------+------+------+------+---------+
    |  6148|  6148|  6148|  6148|   none  |
    +------+------+------+------+---------+

    + Detail: 
        * Instance: 
        N/A

        * Loop: 
        +----------+------+------+----------+-----------+-----------+------+----------+
        |          |   Latency   | Iteration|  Initiation Interval  | Trip |          |
        | Loop Name|  min |  max |  Latency |  achieved |   target  | Count| Pipelined|
        +----------+------+------+----------+-----------+-----------+------+----------+
        |- Loop 1  |  6144|  6144|         6|          -|          -|  1024|    no    |
        +----------+------+------+----------+-----------+-----------+------+----------+



================================================================
== Utilization Estimates
================================================================
* Summary: 
+-----------------+---------+-------+--------+-------+
|       Name      | BRAM_18K| DSP48E|   FF   |  LUT  |
+-----------------+---------+-------+--------+-------+
|DSP              |        -|      -|       -|      -|
|Expression       |        -|      -|       0|   3428|
|FIFO             |        -|      -|       -|      -|
|Instance         |        -|      -|    9225|   3075|
|Memory           |        -|      -|       -|      -|
|Multiplexer      |        -|      -|       -|   1040|
|Register         |        -|      -|   14378|      -|
+-----------------+---------+-------+--------+-------+
|Total            |        0|      0|   23603|   7543|
+-----------------+---------+-------+--------+-------+
|Available        |      280|    220|  106400|  53200|
+-----------------+---------+-------+--------+-------+
|Utilization (%)  |        0|      0|      22|     14|
+-----------------+---------+-------+--------+-------+

+ Detail: 
    * Instance: 
    +------------------------------------+---------------------------------+---------+-------+------+------+
    |              Instance              |              Module             | BRAM_18K| DSP48E|  FF  |  LUT |
    +------------------------------------+---------------------------------+---------+-------+------+------+
    |ModExp_add_1026ns_1026ns_1026_2_U1  |ModExp_add_1026ns_1026ns_1026_2  |        0|      0|  3075|  1025|
    |ModExp_add_1026ns_1026ns_1026_2_U3  |ModExp_add_1026ns_1026ns_1026_2  |        0|      0|  3078|  1026|
    |ModExp_sub_1024ns_1024ns_1024_2_U2  |ModExp_sub_1024ns_1024ns_1024_2  |        0|      0|  3072|  1024|
    +------------------------------------+---------------------------------+---------+-------+------+------+
    |Total                               |                                 |        0|      0|  9225|  3075|
    +------------------------------------+---------------------------------+---------+-------+------+------+

    * DSP48: 
    N/A

    * Memory: 
    N/A

    * FIFO: 
    N/A

    * Expression: 
    +-----------------------------------+----------+-------+---+------+------------+------------+
    |           Variable Name           | Operation| DSP48E| FF|  LUT | Bitwidth P0| Bitwidth P1|
    +-----------------------------------+----------+-------+---+------+------------+------------+
    |i_fu_106_p2                        |     +    |      0|  0|    11|          11|           1|
    |exitcond_fu_100_p2                 |   icmp   |      0|  0|     5|          11|          12|
    |tmp_fu_124_p2                      |   icmp   |      0|  0|   337|        1025|        1025|
    |p_Val2_1_fu_142_p3                 |  select  |      0|  0|  1026|           1|        1026|
    |ssdm_int_V_write_assign_fu_180_p3  |  select  |      0|  0|  1024|           1|        1024|
    |tmp_5_fu_175_p3                    |  select  |      0|  0|  1025|           1|        1025|
    +-----------------------------------+----------+-------+---+------+------------+------------+
    |Total                              |          |      0|  0|  3428|        1050|        4113|
    +-----------------------------------+----------+-------+---+------+------------+------------+

    * Multiplexer: 
    +-----------------+------+-----------+------+-----------+
    |       Name      |  LUT | Input Size| Bits | Total Bits|
    +-----------------+------+-----------+------+-----------+
    |ap_NS_fsm        |     4|         10|     1|         10|
    |i_assign_reg_65  |    11|          2|    11|         22|
    |p_s_reg_54       |  1025|          2|  1025|       2050|
    +-----------------+------+-----------+------+-----------+
    |Total            |  1040|         14|  1037|       2082|
    +-----------------+------+-----------+------+-----------+

    * Register: 
    +-------------------+------+----+------+-----------+
    |        Name       |  FF  | LUT| Bits | Const Bits|
    +-------------------+------+----+------+-----------+
    |M0_V_read_reg_185  |  1024|   0|  1024|          0|
    |M_V_cast_reg_205   |  1024|   0|  1025|          1|
    |M_V_reg_200        |  1024|   0|  1026|          2|
    |S_V_reg_244        |  1026|   0|  1026|          0|
    |X_V_reg_190        |  1024|   0|  1026|          2|
    |Y_V_reg_195        |  1024|   0|  1026|          2|
    |ap_CS_fsm          |     9|   0|     9|          0|
    |ap_return          |  1024|   0|  1024|          0|
    |i_assign_reg_65    |    11|   0|    11|          0|
    |i_reg_219          |    11|   0|    11|          0|
    |p_Val2_1_reg_249   |  1026|   0|  1026|          0|
    |p_cast_reg_210     |  1025|   0|  1026|          1|
    |p_s_reg_54         |  1025|   0|  1025|          0|
    |tmp_2_reg_264      |  1025|   0|  1025|          0|
    |tmp_3_reg_259      |  1025|   0|  1025|          0|
    |tmp_4_reg_239      |  1024|   0|  1024|          0|
    |tmp_6_reg_274      |  1024|   0|  1024|          0|
    |tmp_7_reg_224      |     1|   0|     1|          0|
    |tmp_8_reg_254      |     1|   0|     1|          0|
    |tmp_reg_229        |     1|   0|     1|          0|
    +-------------------+------+----+------+-----------+
    |Total              | 14378|   0| 14386|          8|
    +-------------------+------+----+------+-----------+



================================================================
== Interface
================================================================
* Summary: 
+-----------+-----+------+------------+-----------------+--------------+
| RTL Ports | Dir | Bits |  Protocol  |  Source Object  |    C Type    |
+-----------+-----+------+------------+-----------------+--------------+
|ap_clk     |  in |     1| ap_ctrl_hs | ModExp_montMult | return value |
|ap_rst     |  in |     1| ap_ctrl_hs | ModExp_montMult | return value |
|ap_start   |  in |     1| ap_ctrl_hs | ModExp_montMult | return value |
|ap_done    | out |     1| ap_ctrl_hs | ModExp_montMult | return value |
|ap_idle    | out |     1| ap_ctrl_hs | ModExp_montMult | return value |
|ap_ready   | out |     1| ap_ctrl_hs | ModExp_montMult | return value |
|ap_return  | out |  1024| ap_ctrl_hs | ModExp_montMult | return value |
|X0_V       |  in |  1024|   ap_none  |       X0_V      |    scalar    |
|Y0_V       |  in |  1024|   ap_none  |       Y0_V      |    scalar    |
|M0_V       |  in |  1024|   ap_none  |       M0_V      |    scalar    |
+-----------+-----+------+------------+-----------------+--------------+

