

================================================================
== Vivado HLS Report for 'ModExp'
================================================================
* Date:           Sat Jan 14 14:32:08 2017

* Version:        2016.2 (Build 1577090 on Thu Jun 02 16:59:10 MDT 2016)
* Project:        ws_rsa64bit
* Solution:       solution1
* Product family: zynq
* Target device:  xc7z020clg484-1


================================================================
== Performance Estimates
================================================================
+ Timing (ns): 
    * Summary: 
    +--------+-------+----------+------------+
    |  Clock | Target| Estimated| Uncertainty|
    +--------+-------+----------+------------+
    |ap_clk  |  20.00|     17.01|        2.50|
    +--------+-------+----------+------------+

+ Latency (clock cycles): 
    * Summary: 
    +---------+----------+---------+----------+---------+
    |       Latency      |      Interval      | Pipeline|
    |   min   |    max   |   min   |    max   |   Type  |
    +---------+----------+---------+----------+---------+
    |  6304774|  12600326|  6304775|  12600327|   none  |
    +---------+----------+---------+----------+---------+

    + Detail: 
        * Instance: 
        +---------------------------+-----------------+------+------+------+------+---------+
        |                           |                 |   Latency   |   Interval  | Pipeline|
        |          Instance         |      Module     |  min |  max |  min |  max |   Type  |
        +---------------------------+-----------------+------+------+------+------+---------+
        |grp_ModExp_montMult_fu_95  |ModExp_montMult  |  6148|  6148|  6148|  6148|   none  |
        +---------------------------+-----------------+------+------+------+------+---------+

        * Loop: 
        +----------+---------+----------+--------------+-----------+-----------+------+----------+
        |          |       Latency      |   Iteration  |  Initiation Interval  | Trip |          |
        | Loop Name|   min   |    max   |    Latency   |  achieved |   target  | Count| Pipelined|
        +----------+---------+----------+--------------+-----------+-----------+------+----------+
        |- Loop 1  |  6298624|  12594176| 6151 ~ 12299 |          -|          -|  1024|    no    |
        +----------+---------+----------+--------------+-----------+-----------+------+----------+



================================================================
== Utilization Estimates
================================================================
* Summary: 
+-----------------+---------+-------+--------+-------+
|       Name      | BRAM_18K| DSP48E|   FF   |  LUT  |
+-----------------+---------+-------+--------+-------+
|DSP              |        -|      -|       -|      -|
|Expression       |        -|      -|       0|     11|
|FIFO             |        -|      -|       -|      -|
|Instance         |        -|      -|   23603|   7543|
|Memory           |        -|      -|       -|      -|
|Multiplexer      |        -|      -|       -|   3084|
|Register         |        -|      -|    3090|      -|
+-----------------+---------+-------+--------+-------+
|Total            |        0|      0|   26693|  10638|
+-----------------+---------+-------+--------+-------+
|Available        |      280|    220|  106400|  53200|
+-----------------+---------+-------+--------+-------+
|Utilization (%)  |        0|      0|      25|     19|
+-----------------+---------+-------+--------+-------+

+ Detail: 
    * Instance: 
    +---------------------------+-----------------+---------+-------+-------+------+
    |          Instance         |      Module     | BRAM_18K| DSP48E|   FF  |  LUT |
    +---------------------------+-----------------+---------+-------+-------+------+
    |grp_ModExp_montMult_fu_95  |ModExp_montMult  |        0|      0|  23603|  7543|
    +---------------------------+-----------------+---------+-------+-------+------+
    |Total                      |                 |        0|      0|  23603|  7543|
    +---------------------------+-----------------+---------+-------+-------+------+

    * DSP48: 
    N/A

    * Memory: 
    N/A

    * FIFO: 
    N/A

    * Expression: 
    +--------------+----------+-------+---+----+------------+------------+
    | Variable Name| Operation| DSP48E| FF| LUT| Bitwidth P0| Bitwidth P1|
    +--------------+----------+-------+---+----+------------+------------+
    |i_fu_164_p2   |     +    |      0|  0|  11|          11|           2|
    +--------------+----------+-------+---+----+------------+------------+
    |Total         |          |      0|  0|  11|          11|           2|
    +--------------+----------+-------+---+----+------------+------------+

    * Multiplexer: 
    +--------------------------------+------+-----------+------+-----------+
    |              Name              |  LUT | Input Size| Bits | Total Bits|
    +--------------------------------+------+-----------+------+-----------+
    |ap_NS_fsm                       |     1|          6|     1|          6|
    |grp_ModExp_montMult_fu_95_X0_V  |  1024|          3|  1024|       3072|
    |grp_ModExp_montMult_fu_95_Y0_V  |  1024|          4|  1024|       4096|
    |i_assign_reg_83                 |    11|          2|    11|         22|
    |xbar_V_fu_48                    |  1024|          2|  1024|       2048|
    +--------------------------------+------+-----------+------+-----------+
    |Total                           |  3084|         17|  3084|       9244|
    +--------------------------------+------+-----------+------+-----------+

    * Register: 
    +-------------------------------------------+------+----+------+-----------+
    |                    Name                   |  FF  | LUT| Bits | Const Bits|
    +-------------------------------------------+------+----+------+-----------+
    |ap_CS_fsm                                  |     5|   0|     5|          0|
    |ap_reg_grp_ModExp_montMult_fu_95_ap_start  |     1|   0|     1|          0|
    |i_assign_reg_83                            |    11|   0|    11|          0|
    |reg_134                                    |  1024|   0|  1024|          0|
    |tmp_9_reg_195                              |     1|   0|     1|          0|
    |xbar_V_1_reg_199                           |  1024|   0|  1024|          0|
    |xbar_V_fu_48                               |  1024|   0|  1024|          0|
    +-------------------------------------------+------+----+------+-----------+
    |Total                                      |  3090|   0|  3090|          0|
    +-------------------------------------------+------+----+------+-----------+



================================================================
== Interface
================================================================
* Summary: 
+--------------+-----+------+------------+--------------+--------------+
|   RTL Ports  | Dir | Bits |  Protocol  | Source Object|    C Type    |
+--------------+-----+------+------------+--------------+--------------+
|ap_clk        |  in |     1| ap_ctrl_hs |    ModExp    | return value |
|ap_rst        |  in |     1| ap_ctrl_hs |    ModExp    | return value |
|ap_start      |  in |     1| ap_ctrl_hs |    ModExp    | return value |
|ap_done       | out |     1| ap_ctrl_hs |    ModExp    | return value |
|ap_idle       | out |     1| ap_ctrl_hs |    ModExp    | return value |
|ap_ready      | out |     1| ap_ctrl_hs |    ModExp    | return value |
|M_V           |  in |  1024|   ap_none  |      M_V     |    scalar    |
|e_V           |  in |  1024|   ap_none  |      e_V     |    scalar    |
|n_V           |  in |  1024|   ap_none  |      n_V     |    scalar    |
|Mbar_V        |  in |  1024|   ap_none  |    Mbar_V    |    scalar    |
|xbar_in_V     |  in |  1024|   ap_none  |   xbar_in_V  |    scalar    |
|out_V         | out |  1024|   ap_vld   |     out_V    |    pointer   |
|out_V_ap_vld  | out |     1|   ap_vld   |     out_V    |    pointer   |
+--------------+-----+------+------------+--------------+--------------+

