

================================================================
== Vivado HLS Report for 'ModExp_montMult'
================================================================
* Date:           Sat Dec 17 16:47:52 2016

* Version:        2016.2 (Build 1577090 on Thu Jun 02 16:59:10 MDT 2016)
* Project:        ws_rsa64bit
* Solution:       solution1
* Product family: zynq
* Target device:  xc7z020clg484-1


================================================================
== Performance Estimates
================================================================
+ Timing (ns): 
    * Summary: 
    +--------+-------+----------+------------+
    |  Clock | Target| Estimated| Uncertainty|
    +--------+-------+----------+------------+
    |ap_clk  |  20.00|     17.01|        2.50|
    +--------+-------+----------+------------+

+ Latency (clock cycles): 
    * Summary: 
    +------+------+------+------+---------+
    |   Latency   |   Interval  | Pipeline|
    |  min |  max |  min |  max |   Type  |
    +------+------+------+------+---------+
    |  6148|  6148|  6148|  6148|   none  |
    +------+------+------+------+---------+

    + Detail: 
        * Instance: 
        N/A

        * Loop: 
        +----------+------+------+----------+-----------+-----------+------+----------+
        |          |   Latency   | Iteration|  Initiation Interval  | Trip |          |
        | Loop Name|  min |  max |  Latency |  achieved |   target  | Count| Pipelined|
        +----------+------+------+----------+-----------+-----------+------+----------+
        |- Loop 1  |  6144|  6144|         6|          -|          -|  1024|    no    |
        +----------+------+------+----------+-----------+-----------+------+----------+



================================================================
== Utilization Estimates
================================================================
* Summary: 
+-----------------+---------+-------+--------+-------+
|       Name      | BRAM_18K| DSP48E|   FF   |  LUT  |
+-----------------+---------+-------+--------+-------+
|DSP              |        -|      -|       -|      -|
|Expression       |        -|      -|       0|   4005|
|FIFO             |        -|      -|       -|      -|
|Instance         |        -|      -|   12291|   4097|
|Memory           |        -|      -|       -|      -|
|Multiplexer      |        -|      -|       -|   1039|
|Register         |        -|      -|   12322|      -|
+-----------------+---------+-------+--------+-------+
|Total            |        0|      0|   24613|   9141|
+-----------------+---------+-------+--------+-------+
|Available        |      280|    220|  106400|  53200|
+-----------------+---------+-------+--------+-------+
|Utilization (%)  |        0|      0|      23|     17|
+-----------------+---------+-------+--------+-------+

+ Detail: 
    * Instance: 
    +------------------------------------+---------------------------------+---------+-------+------+------+
    |              Instance              |              Module             | BRAM_18K| DSP48E|  FF  |  LUT |
    +------------------------------------+---------------------------------+---------+-------+------+------+
    |ModExp_add_1024ns_1024ns_1024_2_U2  |ModExp_add_1024ns_1024ns_1024_2  |        0|      0|  3072|  1024|
    |ModExp_add_1025ns_1025ns_1025_2_U3  |ModExp_add_1025ns_1025ns_1025_2  |        0|      0|  3072|  1024|
    |ModExp_add_1025ns_1025ns_1025_2_U4  |ModExp_add_1025ns_1025ns_1025_2  |        0|      0|  3075|  1025|
    |ModExp_sub_1024ns_1024ns_1024_2_U1  |ModExp_sub_1024ns_1024ns_1024_2  |        0|      0|  3072|  1024|
    +------------------------------------+---------------------------------+---------+-------+------+------+
    |Total                               |                                 |        0|      0| 12291|  4097|
    +------------------------------------+---------------------------------+---------+-------+------+------+

    * DSP48: 
    N/A

    * Memory: 
    N/A

    * FIFO: 
    N/A

    * Expression: 
    +-----------------------------------+----------+-------+---+------+------------+------------+
    |           Variable Name           | Operation| DSP48E| FF|  LUT | Bitwidth P0| Bitwidth P1|
    +-----------------------------------+----------+-------+---+------+------------+------------+
    |i_fu_97_p2                         |     +    |      0|  0|    11|          11|           1|
    |r_V_fu_118_p2                      |    and   |      0|  0|  1602|        1024|        1024|
    |exitcond_fu_91_p2                  |   icmp   |      0|  0|     5|          11|          12|
    |tmp_2_fu_123_p2                    |   icmp   |      0|  0|   337|        1024|        1024|
    |ssdm_int_V_write_assign_fu_179_p3  |  select  |      0|  0|  1024|           1|        1024|
    |tmp_4_fu_174_p3                    |  select  |      0|  0|  1024|           1|        1024|
    |tmp_cast_fu_110_p3                 |  select  |      0|  0|     2|           1|           2|
    +-----------------------------------+----------+-------+---+------+------------+------------+
    |Total                              |          |      0|  0|  4005|        2073|        4111|
    +-----------------------------------+----------+-------+---+------+------------+------------+

    * Multiplexer: 
    +--------------------+------+-----------+------+-----------+
    |        Name        |  LUT | Input Size| Bits | Total Bits|
    +--------------------+------+-----------+------+-----------+
    |ap_NS_fsm           |     4|         10|     1|         10|
    |bvh_d_index_reg_68  |    11|          2|    11|         22|
    |p_s_reg_56          |  1024|          2|  1024|       2048|
    +--------------------+------+-----------+------+-----------+
    |Total               |  1039|         14|  1036|       2080|
    +--------------------+------+-----------+------+-----------+

    * Register: 
    +--------------------+------+----+------+-----------+
    |        Name        |  FF  | LUT| Bits | Const Bits|
    +--------------------+------+----+------+-----------+
    |M_V_read_reg_185    |  1024|   0|  1024|          0|
    |S_V_3_reg_235       |  1025|   0|  1025|          0|
    |S_V_reg_260         |  1024|   0|  1024|          0|
    |X_V_read_reg_196    |  1024|   0|  1024|          0|
    |Y_V_read_reg_191    |  1024|   0|  1024|          0|
    |ap_CS_fsm           |     9|   0|     9|          0|
    |ap_return           |  1024|   0|  1024|          0|
    |bvh_d_index_reg_68  |    11|   0|    11|          0|
    |i_reg_214           |    11|   0|    11|          0|
    |p_cast_reg_206      |  1024|   0|  1025|          1|
    |p_s_reg_56          |  1024|   0|  1024|          0|
    |r_V_reg_219         |  1024|   0|  1024|          0|
    |tmp_1_reg_201       |  1024|   0|  1025|          1|
    |tmp_2_reg_225       |     1|   0|     1|          0|
    |tmp_3_reg_245       |  1024|   0|  1024|          0|
    |tmp_7_reg_240       |     1|   0|     1|          0|
    |tmp_reg_250         |  1024|   0|  1024|          0|
    +--------------------+------+----+------+-----------+
    |Total               | 12322|   0| 12324|          2|
    +--------------------+------+----+------+-----------+



================================================================
== Interface
================================================================
* Summary: 
+-----------+-----+------+------------+-----------------+--------------+
| RTL Ports | Dir | Bits |  Protocol  |  Source Object  |    C Type    |
+-----------+-----+------+------------+-----------------+--------------+
|ap_clk     |  in |     1| ap_ctrl_hs | ModExp_montMult | return value |
|ap_rst     |  in |     1| ap_ctrl_hs | ModExp_montMult | return value |
|ap_start   |  in |     1| ap_ctrl_hs | ModExp_montMult | return value |
|ap_done    | out |     1| ap_ctrl_hs | ModExp_montMult | return value |
|ap_idle    | out |     1| ap_ctrl_hs | ModExp_montMult | return value |
|ap_ready   | out |     1| ap_ctrl_hs | ModExp_montMult | return value |
|ap_return  | out |  1024| ap_ctrl_hs | ModExp_montMult | return value |
|X_V        |  in |  1024|   ap_none  |       X_V       |    scalar    |
|Y_V        |  in |  1024|   ap_none  |       Y_V       |    scalar    |
|M_V        |  in |  1024|   ap_none  |       M_V       |    scalar    |
+-----------+-----+------+------------+-----------------+--------------+

