

================================================================
== Vivado HLS Report for 'rsaModExp_interleaveModMult'
================================================================
* Date:           Sun Jan 15 22:09:41 2017

* Version:        2016.2 (Build 1577090 on Thu Jun 02 16:59:10 MDT 2016)
* Project:        ws_rsa64bit
* Solution:       solution1
* Product family: zynq
* Target device:  xc7z020clg484-1


================================================================
== Performance Estimates
================================================================
+ Timing (ns): 
    * Summary: 
    +--------+-------+----------+------------+
    |  Clock | Target| Estimated| Uncertainty|
    +--------+-------+----------+------------+
    |ap_clk  |  25.00|     18.38|        3.12|
    +--------+-------+----------+------------+

+ Latency (clock cycles): 
    * Summary: 
    +------+------+------+------+---------+
    |   Latency   |   Interval  | Pipeline|
    |  min |  max |  min |  max |   Type  |
    +------+------+------+------+---------+
    |  6152|  6152|  6152|  6152|   none  |
    +------+------+------+------+---------+

    + Detail: 
        * Instance: 
        N/A

        * Loop: 
        +----------+------+------+----------+-----------+-----------+------+----------+
        |          |   Latency   | Iteration|  Initiation Interval  | Trip |          |
        | Loop Name|  min |  max |  Latency |  achieved |   target  | Count| Pipelined|
        +----------+------+------+----------+-----------+-----------+------+----------+
        |- Loop 1  |  6150|  6150|         6|          -|          -|  1025|    no    |
        +----------+------+------+----------+-----------+-----------+------+----------+



================================================================
== Utilization Estimates
================================================================
* Summary: 
+-----------------+---------+-------+--------+-------+
|       Name      | BRAM_18K| DSP48E|   FF   |  LUT  |
+-----------------+---------+-------+--------+-------+
|DSP              |        -|      -|       -|      -|
|Expression       |        -|      -|       0|   3772|
|FIFO             |        -|      -|       -|      -|
|Instance         |        -|      -|    9252|   3084|
|Memory           |        -|      -|       -|      -|
|Multiplexer      |        -|      -|       -|   2066|
|Register         |        -|      -|    8240|      -|
+-----------------+---------+-------+--------+-------+
|Total            |        0|      0|   17492|   8922|
+-----------------+---------+-------+--------+-------+
|Available        |      280|    220|  106400|  53200|
+-----------------+---------+-------+--------+-------+
|Utilization (%)  |        0|      0|      16|     16|
+-----------------+---------+-------+--------+-------+

+ Detail: 
    * Instance: 
    +---------------------------------------+------------------------------------+---------+-------+------+------+
    |                Instance               |               Module               | BRAM_18K| DSP48E|  FF  |  LUT |
    +---------------------------------------+------------------------------------+---------+-------+------+------+
    |rsaModExp_add_1028ns_1028ns_1028_2_U1  |rsaModExp_add_1028ns_1028ns_1028_2  |        0|      0|  3084|  1028|
    |rsaModExp_sub_1028ns_1028ns_1028_2_U2  |rsaModExp_sub_1028ns_1028ns_1028_2  |        0|      0|  3084|  1028|
    |rsaModExp_sub_1028ns_1028ns_1028_2_U3  |rsaModExp_sub_1028ns_1028ns_1028_2  |        0|      0|  3084|  1028|
    +---------------------------------------+------------------------------------+---------+-------+------+------+
    |Total                                  |                                    |        0|      0|  9252|  3084|
    +---------------------------------------+------------------------------------+---------+-------+------+------+

    * DSP48: 
    N/A

    * Memory: 
    N/A

    * FIFO: 
    N/A

    * Expression: 
    +-------------------------+----------+-------+---+------+------------+------------+
    |      Variable Name      | Operation| DSP48E| FF|  LUT | Bitwidth P0| Bitwidth P1|
    +-------------------------+----------+-------+---+------+------------+------------+
    |i_fu_99_p2               |     +    |      0|  0|    12|           2|          12|
    |tmp_4_fu_119_p2          |   icmp   |      0|  0|   338|        1028|        1028|
    |tmp_5_fu_130_p2          |   icmp   |      0|  0|   338|        1028|        1028|
    |P_V_4_fu_109_p3          |  select  |      0|  0|  1028|           1|        1028|
    |P_V_5_fu_138_p3          |  select  |      0|  0|  1028|           1|        1028|
    |p_036_1_P_V_2_fu_123_p3  |  select  |      0|  0|  1028|           1|        1028|
    +-------------------------+----------+-------+---+------+------------+------------+
    |Total                    |          |      0|  0|  3772|        2061|        5152|
    +-------------------------+----------+-------+---+------+------------+------------+

    * Multiplexer: 
    +-----------------+------+-----------+------+-----------+
    |       Name      |  LUT | Input Size| Bits | Total Bits|
    +-----------------+------+-----------+------+-----------+
    |ap_NS_fsm        |     2|          8|     1|          8|
    |ap_return        |  1024|          2|  1024|       2048|
    |i_assign_reg_49  |    12|          2|    12|         24|
    |p_Val2_s_reg_38  |  1028|          2|  1028|       2056|
    +-----------------+------+-----------+------+-----------+
    |Total            |  2066|         14|  2065|       4136|
    +-----------------+------+-----------+------+-----------+

    * Register: 
    +-----------------------+------+----+------+-----------+
    |          Name         |  FF  | LUT| Bits | Const Bits|
    +-----------------------+------+----+------+-----------+
    |P_V_4_reg_176          |  1028|   0|  1028|          0|
    |ap_CS_fsm              |     7|   0|     7|          0|
    |ap_return              |  1024|   0|  1024|          0|
    |ap_return_preg         |  1024|   0|  1024|          0|
    |i_assign_reg_49        |    12|   0|    12|          0|
    |i_reg_171              |    12|   0|    12|          0|
    |p_036_1_P_V_2_reg_183  |  1028|   0|  1028|          0|
    |p_Val2_s_reg_38        |  1028|   0|  1028|          0|
    |r_V_reg_160            |  1027|   0|  1028|          1|
    |tmp_13_reg_166         |     1|   0|     1|          0|
    |tmp_5_reg_190          |     1|   0|     1|          0|
    |tmp_reg_144            |  1024|   0|  1028|          4|
    |tmp_s_reg_152          |  1024|   0|  1028|          4|
    +-----------------------+------+----+------+-----------+
    |Total                  |  8240|   0|  8249|          9|
    +-----------------------+------+----+------+-----------+



================================================================
== Interface
================================================================
* Summary: 
+-----------+-----+------+------------+-----------------------------+--------------+
| RTL Ports | Dir | Bits |  Protocol  |        Source Object        |    C Type    |
+-----------+-----+------+------------+-----------------------------+--------------+
|ap_clk     |  in |     1| ap_ctrl_hs | rsaModExp_interleaveModMult | return value |
|ap_rst     |  in |     1| ap_ctrl_hs | rsaModExp_interleaveModMult | return value |
|ap_start   |  in |     1| ap_ctrl_hs | rsaModExp_interleaveModMult | return value |
|ap_done    | out |     1| ap_ctrl_hs | rsaModExp_interleaveModMult | return value |
|ap_idle    | out |     1| ap_ctrl_hs | rsaModExp_interleaveModMult | return value |
|ap_ready   | out |     1| ap_ctrl_hs | rsaModExp_interleaveModMult | return value |
|ap_return  | out |  1024| ap_ctrl_hs | rsaModExp_interleaveModMult | return value |
|Y_V        |  in |  1024|   ap_none  |             Y_V             |    scalar    |
|M_V        |  in |  1024|   ap_none  |             M_V             |    scalar    |
+-----------+-----+------+------------+-----------------------------+--------------+

