

================================================================
== Vivado HLS Report for 'rsaModExp'
================================================================
* Date:           Sun Jan 15 23:34:25 2017

* Version:        2016.2 (Build 1577090 on Thu Jun 02 16:59:10 MDT 2016)
* Project:        ws_rsa64bit
* Solution:       solution1
* Product family: zynq
* Target device:  xc7z020clg484-1


================================================================
== Performance Estimates
================================================================
+ Timing (ns): 
    * Summary: 
    +--------+-------+----------+------------+
    |  Clock | Target| Estimated| Uncertainty|
    +--------+-------+----------+------------+
    |ap_clk  |  25.00|     21.97|        3.12|
    +--------+-------+----------+------------+

+ Latency (clock cycles): 
    * Summary: 
    +----------+----------+----------+----------+---------+
    |       Latency       |       Interval      | Pipeline|
    |    min   |    max   |    min   |    max   |   Type  |
    +----------+----------+----------+----------+---------+
    |  33636389|  67201061|  33636390|  67201062|   none  |
    +----------+----------+----------+----------+---------+

    + Detail: 
        * Instance: 
        +---------------------------------------+-----------------------------+-------+-------+-------+-------+---------+
        |                                       |                             |    Latency    |    Interval   | Pipeline|
        |                Instance               |            Module           |  min  |  max  |  min  |  max  |   Type  |
        +---------------------------------------+-----------------------------+-------+-------+-------+-------+---------+
        |grp_rsaModExp_interleaveModMult_fu_89  |rsaModExp_interleaveModMult  |  24590|  24590|  24590|  24590|   none  |
        |grp_rsaModExp_montMult_fu_112          |rsaModExp_montMult           |  16389|  16389|  16389|  16389|   none  |
        +---------------------------------------+-----------------------------+-------+-------+-------+-------+---------+

        * Loop: 
        +----------+----------+----------+---------------+-----------+-----------+------+----------+
        |          |       Latency       |   Iteration   |  Initiation Interval  | Trip |          |
        | Loop Name|    min   |    max   |    Latency    |  achieved |   target  | Count| Pipelined|
        +----------+----------+----------+---------------+-----------+-----------+------+----------+
        |- Loop 1  |  33570816|  67135488| 16392 ~ 32781 |          -|          -|  2048|    no    |
        +----------+----------+----------+---------------+-----------+-----------+------+----------+



================================================================
== Utilization Estimates
================================================================
* Summary: 
+-----------------+---------+-------+--------+-------+
|       Name      | BRAM_18K| DSP48E|   FF   |  LUT  |
+-----------------+---------+-------+--------+-------+
|DSP              |        -|      -|       -|      -|
|Expression       |        -|      -|       0|     12|
|FIFO             |        -|      -|       -|      -|
|Instance         |        -|      -|  114876|  34891|
|Memory           |        -|      -|       -|      -|
|Multiplexer      |        -|      -|       -|   8206|
|Register         |        -|      -|    8214|      -|
+-----------------+---------+-------+--------+-------+
|Total            |        0|      0|  123090|  43109|
+-----------------+---------+-------+--------+-------+
|Available        |      280|    220|  106400|  53200|
+-----------------+---------+-------+--------+-------+
|Utilization (%)  |        0|      0|     115|     81|
+-----------------+---------+-------+--------+-------+

+ Detail: 
    * Instance: 
    +---------------------------------------+-----------------------------+---------+-------+-------+-------+
    |                Instance               |            Module           | BRAM_18K| DSP48E|   FF  |  LUT  |
    +---------------------------------------+-----------------------------+---------+-------+-------+-------+
    |grp_rsaModExp_interleaveModMult_fu_89  |rsaModExp_interleaveModMult  |        0|      0|  53377|  17792|
    |grp_rsaModExp_montMult_fu_112          |rsaModExp_montMult           |        0|      0|  61499|  17099|
    +---------------------------------------+-----------------------------+---------+-------+-------+-------+
    |Total                                  |                             |        0|      0| 114876|  34891|
    +---------------------------------------+-----------------------------+---------+-------+-------+-------+

    * DSP48: 
    N/A

    * Memory: 
    N/A

    * FIFO: 
    N/A

    * Expression: 
    +--------------+----------+-------+---+----+------------+------------+
    | Variable Name| Operation| DSP48E| FF| LUT| Bitwidth P0| Bitwidth P1|
    +--------------+----------+-------+---+----+------------+------------+
    |i_fu_181_p2   |     +    |      0|  0|  12|          12|           2|
    +--------------+----------+-------+---+----+------------+------------+
    |Total         |          |      0|  0|  12|          12|           2|
    +--------------+----------+-------+---+----+------------+------------+

    * Multiplexer: 
    +-------------------------------------------+------+-----------+------+-----------+
    |                    Name                   |  LUT | Input Size| Bits | Total Bits|
    +-------------------------------------------+------+-----------+------+-----------+
    |ap_NS_fsm                                  |     2|          8|     1|          8|
    |grp_rsaModExp_interleaveModMult_fu_89_Y_V  |  2048|          3|  2048|       6144|
    |grp_rsaModExp_montMult_fu_112_X0_V         |  2048|          3|  2048|       6144|
    |grp_rsaModExp_montMult_fu_112_Y0_V         |  2048|          4|  2048|       8192|
    |i_assign_reg_77                            |    12|          2|    12|         24|
    |xbar_V_1_fu_48                             |  2048|          2|  2048|       4096|
    +-------------------------------------------+------+-----------+------+-----------+
    |Total                                      |  8206|         22|  8205|      24608|
    +-------------------------------------------+------+-----------+------+-----------+

    * Register: 
    +-------------------------------------------------------+------+----+------+-----------+
    |                          Name                         |  FF  | LUT| Bits | Const Bits|
    +-------------------------------------------------------+------+----+------+-----------+
    |Mbar_V_reg_205                                         |  2048|   0|  2048|          0|
    |ap_CS_fsm                                              |     7|   0|     7|          0|
    |ap_reg_grp_rsaModExp_interleaveModMult_fu_89_ap_start  |     1|   0|     1|          0|
    |ap_reg_grp_rsaModExp_montMult_fu_112_ap_start          |     1|   0|     1|          0|
    |i_assign_reg_77                                        |    12|   0|    12|          0|
    |reg_151                                                |  2048|   0|  2048|          0|
    |tmp_1_reg_218                                          |     1|   0|     1|          0|
    |xbar_V_1_fu_48                                         |  2048|   0|  2048|          0|
    |xbar_V_2_reg_222                                       |  2048|   0|  2048|          0|
    +-------------------------------------------------------+------+----+------+-----------+
    |Total                                                  |  8214|   0|  8214|          0|
    +-------------------------------------------------------+------+----+------+-----------+



================================================================
== Interface
================================================================
* Summary: 
+--------------+-----+------+------------+--------------+--------------+
|   RTL Ports  | Dir | Bits |  Protocol  | Source Object|    C Type    |
+--------------+-----+------+------------+--------------+--------------+
|ap_clk        |  in |     1| ap_ctrl_hs |   rsaModExp  | return value |
|ap_rst        |  in |     1| ap_ctrl_hs |   rsaModExp  | return value |
|ap_start      |  in |     1| ap_ctrl_hs |   rsaModExp  | return value |
|ap_done       | out |     1| ap_ctrl_hs |   rsaModExp  | return value |
|ap_idle       | out |     1| ap_ctrl_hs |   rsaModExp  | return value |
|ap_ready      | out |     1| ap_ctrl_hs |   rsaModExp  | return value |
|M_V           |  in |  2048|   ap_none  |      M_V     |    scalar    |
|e_V           |  in |  2048|   ap_none  |      e_V     |    scalar    |
|n_V           |  in |  2048|   ap_none  |      n_V     |    scalar    |
|out_V         | out |  2048|   ap_vld   |     out_V    |    pointer   |
|out_V_ap_vld  | out |     1|   ap_vld   |     out_V    |    pointer   |
+--------------+-----+------+------------+--------------+--------------+

