

================================================================
== Vivado HLS Report for 'rsaModExp'
================================================================
* Date:           Sun Jan 15 22:09:41 2017

* Version:        2016.2 (Build 1577090 on Thu Jun 02 16:59:10 MDT 2016)
* Project:        ws_rsa64bit
* Solution:       solution1
* Product family: zynq
* Target device:  xc7z020clg484-1


================================================================
== Performance Estimates
================================================================
+ Timing (ns): 
    * Summary: 
    +--------+-------+----------+------------+
    |  Clock | Target| Estimated| Uncertainty|
    +--------+-------+----------+------------+
    |ap_clk  |  25.00|     19.83|        3.12|
    +--------+-------+----------+------------+

+ Latency (clock cycles): 
    * Summary: 
    +---------+---------+---------+---------+---------+
    |      Latency      |      Interval     | Pipeline|
    |   min   |   max   |   min   |   max   |   Type  |
    +---------+---------+---------+---------+---------+
    |  4216855|  8414231|  4216856|  8414232|   none  |
    +---------+---------+---------+---------+---------+

    + Detail: 
        * Instance: 
        +---------------------------------------+-----------------------------+------+------+------+------+---------+
        |                                       |                             |   Latency   |   Interval  | Pipeline|
        |                Instance               |            Module           |  min |  max |  min |  max |   Type  |
        +---------------------------------------+-----------------------------+------+------+------+------+---------+
        |grp_rsaModExp_interleaveModMult_fu_89  |rsaModExp_interleaveModMult  |  6152|  6152|  6152|  6152|   none  |
        |grp_rsaModExp_montMult_fu_112          |rsaModExp_montMult           |  4099|  4099|  4099|  4099|   none  |
        +---------------------------------------+-----------------------------+------+------+------+------+---------+

        * Loop: 
        +----------+---------+---------+-------------+-----------+-----------+------+----------+
        |          |      Latency      |  Iteration  |  Initiation Interval  | Trip |          |
        | Loop Name|   min   |   max   |   Latency   |  achieved |   target  | Count| Pipelined|
        +----------+---------+---------+-------------+-----------+-----------+------+----------+
        |- Loop 1  |  4200448|  8397824| 4102 ~ 8201 |          -|          -|  1024|    no    |
        +----------+---------+---------+-------------+-----------+-----------+------+----------+



================================================================
== Utilization Estimates
================================================================
* Summary: 
+-----------------+---------+-------+--------+-------+
|       Name      | BRAM_18K| DSP48E|   FF   |  LUT  |
+-----------------+---------+-------+--------+-------+
|DSP              |        -|      -|       -|      -|
|Expression       |        -|      -|       0|     11|
|FIFO             |        -|      -|       -|      -|
|Instance         |        -|      -|   39041|  17486|
|Memory           |        -|      -|       -|      -|
|Multiplexer      |        -|      -|       -|   4109|
|Register         |        -|      -|    4117|      -|
+-----------------+---------+-------+--------+-------+
|Total            |        0|      0|   43158|  21606|
+-----------------+---------+-------+--------+-------+
|Available        |      280|    220|  106400|  53200|
+-----------------+---------+-------+--------+-------+
|Utilization (%)  |        0|      0|      40|     40|
+-----------------+---------+-------+--------+-------+

+ Detail: 
    * Instance: 
    +---------------------------------------+-----------------------------+---------+-------+-------+------+
    |                Instance               |            Module           | BRAM_18K| DSP48E|   FF  |  LUT |
    +---------------------------------------+-----------------------------+---------+-------+-------+------+
    |grp_rsaModExp_interleaveModMult_fu_89  |rsaModExp_interleaveModMult  |        0|      0|  17492|  8922|
    |grp_rsaModExp_montMult_fu_112          |rsaModExp_montMult           |        0|      0|  21549|  8564|
    +---------------------------------------+-----------------------------+---------+-------+-------+------+
    |Total                                  |                             |        0|      0|  39041| 17486|
    +---------------------------------------+-----------------------------+---------+-------+-------+------+

    * DSP48: 
    N/A

    * Memory: 
    N/A

    * FIFO: 
    N/A

    * Expression: 
    +--------------+----------+-------+---+----+------------+------------+
    | Variable Name| Operation| DSP48E| FF| LUT| Bitwidth P0| Bitwidth P1|
    +--------------+----------+-------+---+----+------------+------------+
    |i_fu_181_p2   |     +    |      0|  0|  11|          11|           2|
    +--------------+----------+-------+---+----+------------+------------+
    |Total         |          |      0|  0|  11|          11|           2|
    +--------------+----------+-------+---+----+------------+------------+

    * Multiplexer: 
    +-------------------------------------------+------+-----------+------+-----------+
    |                    Name                   |  LUT | Input Size| Bits | Total Bits|
    +-------------------------------------------+------+-----------+------+-----------+
    |ap_NS_fsm                                  |     2|          8|     1|          8|
    |grp_rsaModExp_interleaveModMult_fu_89_Y_V  |  1024|          3|  1024|       3072|
    |grp_rsaModExp_montMult_fu_112_X0_V         |  1024|          3|  1024|       3072|
    |grp_rsaModExp_montMult_fu_112_Y0_V         |  1024|          4|  1024|       4096|
    |i_assign_reg_77                            |    11|          2|    11|         22|
    |xbar_V_1_fu_48                             |  1024|          2|  1024|       2048|
    +-------------------------------------------+------+-----------+------+-----------+
    |Total                                      |  4109|         22|  4108|      12318|
    +-------------------------------------------+------+-----------+------+-----------+

    * Register: 
    +-------------------------------------------------------+------+----+------+-----------+
    |                          Name                         |  FF  | LUT| Bits | Const Bits|
    +-------------------------------------------------------+------+----+------+-----------+
    |Mbar_V_reg_205                                         |  1024|   0|  1024|          0|
    |ap_CS_fsm                                              |     7|   0|     7|          0|
    |ap_reg_grp_rsaModExp_interleaveModMult_fu_89_ap_start  |     1|   0|     1|          0|
    |ap_reg_grp_rsaModExp_montMult_fu_112_ap_start          |     1|   0|     1|          0|
    |i_assign_reg_77                                        |    11|   0|    11|          0|
    |reg_151                                                |  1024|   0|  1024|          0|
    |tmp_1_reg_218                                          |     1|   0|     1|          0|
    |xbar_V_1_fu_48                                         |  1024|   0|  1024|          0|
    |xbar_V_2_reg_222                                       |  1024|   0|  1024|          0|
    +-------------------------------------------------------+------+----+------+-----------+
    |Total                                                  |  4117|   0|  4117|          0|
    +-------------------------------------------------------+------+----+------+-----------+



================================================================
== Interface
================================================================
* Summary: 
+--------------+-----+------+------------+--------------+--------------+
|   RTL Ports  | Dir | Bits |  Protocol  | Source Object|    C Type    |
+--------------+-----+------+------------+--------------+--------------+
|ap_clk        |  in |     1| ap_ctrl_hs |   rsaModExp  | return value |
|ap_rst        |  in |     1| ap_ctrl_hs |   rsaModExp  | return value |
|ap_start      |  in |     1| ap_ctrl_hs |   rsaModExp  | return value |
|ap_done       | out |     1| ap_ctrl_hs |   rsaModExp  | return value |
|ap_idle       | out |     1| ap_ctrl_hs |   rsaModExp  | return value |
|ap_ready      | out |     1| ap_ctrl_hs |   rsaModExp  | return value |
|M_V           |  in |  1024|   ap_none  |      M_V     |    scalar    |
|e_V           |  in |  1024|   ap_none  |      e_V     |    scalar    |
|n_V           |  in |  1024|   ap_none  |      n_V     |    scalar    |
|out_V         | out |  1024|   ap_vld   |     out_V    |    pointer   |
|out_V_ap_vld  | out |     1|   ap_vld   |     out_V    |    pointer   |
+--------------+-----+------+------------+--------------+--------------+

