

================================================================
== Vivado HLS Report for 'rsaModExp_montMult'
================================================================
* Date:           Sun Jan 15 22:09:41 2017

* Version:        2016.2 (Build 1577090 on Thu Jun 02 16:59:10 MDT 2016)
* Project:        ws_rsa64bit
* Solution:       solution1
* Product family: zynq
* Target device:  xc7z020clg484-1


================================================================
== Performance Estimates
================================================================
+ Timing (ns): 
    * Summary: 
    +--------+-------+----------+------------+
    |  Clock | Target| Estimated| Uncertainty|
    +--------+-------+----------+------------+
    |ap_clk  |  25.00|     18.38|        3.12|
    +--------+-------+----------+------------+

+ Latency (clock cycles): 
    * Summary: 
    +------+------+------+------+---------+
    |   Latency   |   Interval  | Pipeline|
    |  min |  max |  min |  max |   Type  |
    +------+------+------+------+---------+
    |  4099|  4099|  4099|  4099|   none  |
    +------+------+------+------+---------+

    + Detail: 
        * Instance: 
        N/A

        * Loop: 
        +----------+------+------+----------+-----------+-----------+------+----------+
        |          |   Latency   | Iteration|  Initiation Interval  | Trip |          |
        | Loop Name|  min |  max |  Latency |  achieved |   target  | Count| Pipelined|
        +----------+------+------+----------+-----------+-----------+------+----------+
        |- Loop 1  |  4096|  4096|         4|          -|          -|  1024|    no    |
        +----------+------+------+----------+-----------+-----------+------+----------+



================================================================
== Utilization Estimates
================================================================
* Summary: 
+-----------------+---------+-------+--------+-------+
|       Name      | BRAM_18K| DSP48E|   FF   |  LUT  |
+-----------------+---------+-------+--------+-------+
|DSP              |        -|      -|       -|      -|
|Expression       |        -|      -|       0|   3428|
|FIFO             |        -|      -|       -|      -|
|Instance         |        -|      -|    9225|   3075|
|Memory           |        -|      -|       -|      -|
|Multiplexer      |        -|      -|       -|   2061|
|Register         |        -|      -|   12324|      -|
+-----------------+---------+-------+--------+-------+
|Total            |        0|      0|   21549|   8564|
+-----------------+---------+-------+--------+-------+
|Available        |      280|    220|  106400|  53200|
+-----------------+---------+-------+--------+-------+
|Utilization (%)  |        0|      0|      20|     16|
+-----------------+---------+-------+--------+-------+

+ Detail: 
    * Instance: 
    +---------------------------------------+------------------------------------+---------+-------+------+------+
    |                Instance               |               Module               | BRAM_18K| DSP48E|  FF  |  LUT |
    +---------------------------------------+------------------------------------+---------+-------+------+------+
    |rsaModExp_add_1026ns_1026ns_1026_2_U6  |rsaModExp_add_1026ns_1026ns_1026_2  |        0|      0|  3075|  1025|
    |rsaModExp_add_1026ns_1026ns_1026_2_U8  |rsaModExp_add_1026ns_1026ns_1026_2  |        0|      0|  3078|  1026|
    |rsaModExp_sub_1024ns_1024ns_1024_2_U7  |rsaModExp_sub_1024ns_1024ns_1024_2  |        0|      0|  3072|  1024|
    +---------------------------------------+------------------------------------+---------+-------+------+------+
    |Total                                  |                                    |        0|      0|  9225|  3075|
    +---------------------------------------+------------------------------------+---------+-------+------+------+

    * DSP48: 
    N/A

    * Memory: 
    N/A

    * FIFO: 
    N/A

    * Expression: 
    +-----------------------------------+----------+-------+---+------+------------+------------+
    |           Variable Name           | Operation| DSP48E| FF|  LUT | Bitwidth P0| Bitwidth P1|
    +-----------------------------------+----------+-------+---+------+------------+------------+
    |i_fu_106_p2                        |     +    |      0|  0|    11|          11|           1|
    |exitcond_fu_100_p2                 |   icmp   |      0|  0|     5|          11|          12|
    |tmp_fu_124_p2                      |   icmp   |      0|  0|   337|        1025|        1025|
    |p_Val2_1_fu_142_p3                 |  select  |      0|  0|  1026|           1|        1026|
    |ssdm_int_V_write_assign_fu_182_p3  |  select  |      0|  0|  1024|           1|        1024|
    |tmp_5_fu_176_p3                    |  select  |      0|  0|  1025|           1|        1025|
    +-----------------------------------+----------+-------+---+------+------------+------------+
    |Total                              |          |      0|  0|  3428|        1050|        4113|
    +-----------------------------------+----------+-------+---+------+------------+------------+

    * Multiplexer: 
    +-----------------+------+-----------+------+-----------+
    |       Name      |  LUT | Input Size| Bits | Total Bits|
    +-----------------+------+-----------+------+-----------+
    |ap_NS_fsm        |     1|          7|     1|          7|
    |ap_return        |  1024|          2|  1024|       2048|
    |i_assign_reg_65  |    11|          2|    11|         22|
    |p_s_reg_54       |  1025|          2|  1025|       2050|
    +-----------------+------+-----------+------+-----------+
    |Total            |  2061|         13|  2061|       4127|
    +-----------------+------+-----------+------+-----------+

    * Register: 
    +-------------------+------+----+------+-----------+
    |        Name       |  FF  | LUT| Bits | Const Bits|
    +-------------------+------+----+------+-----------+
    |M0_V_read_reg_188  |  1024|   0|  1024|          0|
    |M_V_cast_reg_208   |  1024|   0|  1025|          1|
    |M_V_reg_203        |  1024|   0|  1026|          2|
    |X_V_reg_193        |  1024|   0|  1026|          2|
    |Y_V_reg_198        |  1024|   0|  1026|          2|
    |ap_CS_fsm          |     6|   0|     6|          0|
    |ap_return          |  1024|   0|  1024|          0|
    |ap_return_preg     |  1024|   0|  1024|          0|
    |i_assign_reg_65    |    11|   0|    11|          0|
    |i_reg_222          |    11|   0|    11|          0|
    |p_Val2_1_reg_247   |  1026|   0|  1026|          0|
    |p_cast_reg_213     |  1025|   0|  1026|          1|
    |p_s_reg_54         |  1025|   0|  1025|          0|
    |tmp_4_reg_257      |  1025|   0|  1025|          0|
    |tmp_6_reg_242      |  1024|   0|  1024|          0|
    |tmp_8_reg_227      |     1|   0|     1|          0|
    |tmp_9_reg_252      |     1|   0|     1|          0|
    |tmp_reg_232        |     1|   0|     1|          0|
    +-------------------+------+----+------+-----------+
    |Total              | 12324|   0| 12332|          8|
    +-------------------+------+----+------+-----------+



================================================================
== Interface
================================================================
* Summary: 
+-----------+-----+------+------------+--------------------+--------------+
| RTL Ports | Dir | Bits |  Protocol  |    Source Object   |    C Type    |
+-----------+-----+------+------------+--------------------+--------------+
|ap_clk     |  in |     1| ap_ctrl_hs | rsaModExp_montMult | return value |
|ap_rst     |  in |     1| ap_ctrl_hs | rsaModExp_montMult | return value |
|ap_start   |  in |     1| ap_ctrl_hs | rsaModExp_montMult | return value |
|ap_done    | out |     1| ap_ctrl_hs | rsaModExp_montMult | return value |
|ap_idle    | out |     1| ap_ctrl_hs | rsaModExp_montMult | return value |
|ap_ready   | out |     1| ap_ctrl_hs | rsaModExp_montMult | return value |
|ap_return  | out |  1024| ap_ctrl_hs | rsaModExp_montMult | return value |
|X0_V       |  in |  1024|   ap_none  |        X0_V        |    scalar    |
|Y0_V       |  in |  1024|   ap_none  |        Y0_V        |    scalar    |
|M0_V       |  in |  1024|   ap_none  |        M0_V        |    scalar    |
+-----------+-----+------+------------+--------------------+--------------+

