

================================================================
== Vivado HLS Report for 'ModExp'
================================================================
* Date:           Sat Jan 14 14:32:08 2017

* Version:        2016.2 (Build 1577090 on Thu Jun 02 16:59:10 MDT 2016)
* Project:        ws_rsa64bit
* Solution:       solution1
* Product family: zynq
* Target device:  xc7z020clg484-1


================================================================
== Performance Estimates
================================================================
+ Timing (ns): 
    * Summary: 
    +--------+-------+----------+------------+
    |  Clock | Target| Estimated| Uncertainty|
    +--------+-------+----------+------------+
    |ap_clk  |  20.00|     17.01|        2.50|
    +--------+-------+----------+------------+

+ Latency (clock cycles): 
    * Summary: 
    +---------+----------+---------+----------+---------+
    |       Latency      |      Interval      | Pipeline|
    |   min   |    max   |   min   |    max   |   Type  |
    +---------+----------+---------+----------+---------+
    |  6304774|  12600326|  6304775|  12600327|   none  |
    +---------+----------+---------+----------+---------+

    + Detail: 
        * Instance: 
        N/A

        * Loop: 
        +----------+---------+----------+--------------+-----------+-----------+------+----------+
        |          |       Latency      |   Iteration  |  Initiation Interval  | Trip |          |
        | Loop Name|   min   |    max   |    Latency   |  achieved |   target  | Count| Pipelined|
        +----------+---------+----------+--------------+-----------+-----------+------+----------+
        |- Loop 1  |  6298624|  12594176| 6151 ~ 12299 |          -|          -|  1024|    no    |
        +----------+---------+----------+--------------+-----------+-----------+------+----------+

============================================================
+ Verbose Summary: Synthesis Manager
============================================================
InlineROM: 1
ExposeGlobal: 0
============================================================
+ Verbose Summary: CDFG Model
============================================================
IsTopModel: 1
ResetActiveHigh: 1
IsCombinational: 0
IsDatapathOnly: 0
HasWiredReturn: 1
HasMFsm: 0
HasVarLatency: 1
IsPipeline: 0
IsRtlPipelined: 0
IsInstanceOverlapped: 0
IsDontTouch: 0
HasImplIP: 0
IsGatedGlobalClock: 0


============================================================
+ Verbose Summary: Schedule
============================================================
* Number of FSM states: 5
* Pipeline: 0
* Dataflow Pipeline: 0

* FSM state transitions: 
1 --> 
	2  / true
2 --> 
	3  / (!tmp)
	5  / (tmp)
3 --> 
	4  / true
4 --> 
	2  / true
5 --> 
* FSM state operations: 

 <State 1>: 1.57ns
ST_1: xbar_V [1/1] 0.00ns
:0  %xbar_V = alloca i1024

ST_1: stg_7 [1/1] 0.00ns
:1  call void (...)* @_ssdm_op_SpecBitsMap(i1024 %M_V), !map !112

ST_1: stg_8 [1/1] 0.00ns
:2  call void (...)* @_ssdm_op_SpecBitsMap(i1024 %e_V), !map !118

ST_1: stg_9 [1/1] 0.00ns
:3  call void (...)* @_ssdm_op_SpecBitsMap(i1024 %n_V), !map !122

ST_1: stg_10 [1/1] 0.00ns
:4  call void (...)* @_ssdm_op_SpecBitsMap(i1024 %Mbar_V), !map !126

ST_1: stg_11 [1/1] 0.00ns
:5  call void (...)* @_ssdm_op_SpecBitsMap(i1024 %xbar_in_V), !map !130

ST_1: stg_12 [1/1] 0.00ns
:6  call void (...)* @_ssdm_op_SpecBitsMap(i1024* %out_V), !map !134

ST_1: stg_13 [1/1] 0.00ns
:7  call void (...)* @_ssdm_op_SpecTopModule([7 x i8]* @ModExp_str) nounwind

ST_1: xbar_in_V_read [1/1] 0.00ns
:8  %xbar_in_V_read = call i1024 @_ssdm_op_Read.ap_auto.i1024(i1024 %xbar_in_V)

ST_1: Mbar_V_read [1/1] 0.00ns
:9  %Mbar_V_read = call i1024 @_ssdm_op_Read.ap_auto.i1024(i1024 %Mbar_V)

ST_1: n_V_read [1/1] 0.00ns
:10  %n_V_read = call i1024 @_ssdm_op_Read.ap_auto.i1024(i1024 %n_V)

ST_1: e_V_read [1/1] 0.00ns
:11  %e_V_read = call i1024 @_ssdm_op_Read.ap_auto.i1024(i1024 %e_V)

ST_1: stg_18 [1/1] 0.00ns
:12  call void (...)* @_ssdm_op_SpecResourceLimit(i32 1, [1 x i8]* @p_str14, [1 x i8]* @p_str14, [16 x i8]* @ModExp_montMult.str, [1 x i8]* @p_str14) nounwind

ST_1: stg_19 [1/1] 1.57ns
:13  store i1024 %xbar_in_V_read, i1024* %xbar_V

ST_1: stg_20 [1/1] 1.57ns
:14  br label %1


 <State 2>: 1.04ns
ST_2: i_assign [1/1] 0.00ns
:0  %i_assign = phi i11 [ 1023, %0 ], [ %i, %._crit_edge ]

ST_2: i_assign_cast [1/1] 0.00ns
:1  %i_assign_cast = sext i11 %i_assign to i32

ST_2: tmp [1/1] 0.00ns
:2  %tmp = call i1 @_ssdm_op_BitSelect.i1.i11.i32(i11 %i_assign, i32 10)

ST_2: empty [1/1] 0.00ns
:3  %empty = call i32 (...)* @_ssdm_op_SpecLoopTripCount(i64 1024, i64 1024, i64 1024)

ST_2: stg_25 [1/1] 0.00ns
:4  br i1 %tmp, label %4, label %2

ST_2: xbar_V_load_1 [1/1] 0.00ns
:0  %xbar_V_load_1 = load i1024* %xbar_V

ST_2: xbar_V_1 [2/2] 1.04ns
:1  %xbar_V_1 = call fastcc i1024 @ModExp_montMult(i1024 %xbar_V_load_1, i1024 %xbar_V_load_1, i1024 %n_V_read)

ST_2: tmp_9 [1/1] 0.00ns
:2  %tmp_9 = call i1 @_ssdm_op_BitSelect.i1.i1024.i32(i1024 %e_V_read, i32 %i_assign_cast)

ST_2: xbar_V_load [1/1] 0.00ns
:0  %xbar_V_load = load i1024* %xbar_V

ST_2: call_ret3 [2/2] 1.04ns
:1  %call_ret3 = call fastcc i1024 @ModExp_montMult(i1024 %xbar_V_load, i1024 1, i1024 %n_V_read)


 <State 3>: 2.94ns
ST_3: xbar_V_1 [1/2] 1.37ns
:1  %xbar_V_1 = call fastcc i1024 @ModExp_montMult(i1024 %xbar_V_load_1, i1024 %xbar_V_load_1, i1024 %n_V_read)

ST_3: stg_32 [1/1] 0.00ns
:3  br i1 %tmp_9, label %3, label %._crit_edge.pre

ST_3: stg_33 [1/1] 1.57ns
._crit_edge.pre:0  store i1024 %xbar_V_1, i1024* %xbar_V

ST_3: stg_34 [1/1] 0.00ns
._crit_edge.pre:1  br label %._crit_edge

ST_3: xbar_V_2 [2/2] 1.04ns
:0  %xbar_V_2 = call fastcc i1024 @ModExp_montMult(i1024 %Mbar_V_read, i1024 %xbar_V_1, i1024 %n_V_read)


 <State 4>: 2.94ns
ST_4: xbar_V_2 [1/2] 1.37ns
:0  %xbar_V_2 = call fastcc i1024 @ModExp_montMult(i1024 %Mbar_V_read, i1024 %xbar_V_1, i1024 %n_V_read)

ST_4: stg_37 [1/1] 1.57ns
:1  store i1024 %xbar_V_2, i1024* %xbar_V

ST_4: stg_38 [1/1] 0.00ns
:2  br label %._crit_edge

ST_4: i [1/1] 1.84ns
._crit_edge:0  %i = add i11 %i_assign, -1

ST_4: stg_40 [1/1] 0.00ns
._crit_edge:1  br label %1


 <State 5>: 1.37ns
ST_5: call_ret3 [1/2] 1.37ns
:1  %call_ret3 = call fastcc i1024 @ModExp_montMult(i1024 %xbar_V_load, i1024 1, i1024 %n_V_read)

ST_5: stg_42 [1/1] 0.00ns
:2  call void @_ssdm_op_Write.ap_auto.i1024P(i1024* %out_V, i1024 %call_ret3)

ST_5: stg_43 [1/1] 0.00ns
:3  ret void



============================================================
+ Verbose Summary: Binding
============================================================
STG Binding: 
---------------- STG Properties BEGIN ----------------
- Is combinational: 0
- Is one-state seq: 0
- Is datapath-only: 0
- Is clock enabled: 0
- Is pipelined: 0
- Is top level: 1
Port [ Return ] is wired: 1; IO mode=ap_ctrl_hs:ce=0
Port [ M_V]:  wired=1; compound=0; hidden=0; nouse=1; global=0; static=0; extern=0; dir=0; type=0; pingpong=0; private_global=0; IO mode=ap_none:ce=0
Port [ e_V]:  wired=1; compound=0; hidden=0; nouse=0; global=0; static=0; extern=0; dir=0; type=0; pingpong=0; private_global=0; IO mode=ap_none:ce=0
Port [ n_V]:  wired=1; compound=0; hidden=0; nouse=0; global=0; static=0; extern=0; dir=0; type=0; pingpong=0; private_global=0; IO mode=ap_none:ce=0
Port [ Mbar_V]:  wired=1; compound=0; hidden=0; nouse=0; global=0; static=0; extern=0; dir=0; type=0; pingpong=0; private_global=0; IO mode=ap_none:ce=0
Port [ xbar_in_V]:  wired=1; compound=0; hidden=0; nouse=0; global=0; static=0; extern=0; dir=0; type=0; pingpong=0; private_global=0; IO mode=ap_none:ce=0
Port [ out_V]:  wired=1; compound=0; hidden=0; nouse=0; global=0; static=0; extern=0; dir=1; type=0; pingpong=0; private_global=0; IO mode=ap_vld:ce=0
---------------- STG Properties END ------------------

---------------- Datapath Model BEGIN ----------------

<LifeTime>
<method=bitvector/>
xbar_V         (alloca           ) [ 011110]
stg_7          (specbitsmap      ) [ 000000]
stg_8          (specbitsmap      ) [ 000000]
stg_9          (specbitsmap      ) [ 000000]
stg_10         (specbitsmap      ) [ 000000]
stg_11         (specbitsmap      ) [ 000000]
stg_12         (specbitsmap      ) [ 000000]
stg_13         (spectopmodule    ) [ 000000]
xbar_in_V_read (read             ) [ 000000]
Mbar_V_read    (read             ) [ 001110]
n_V_read       (read             ) [ 001111]
e_V_read       (read             ) [ 001110]
stg_18         (specresourcelimit) [ 000000]
stg_19         (store            ) [ 000000]
stg_20         (br               ) [ 011110]
i_assign       (phi              ) [ 001110]
i_assign_cast  (sext             ) [ 000000]
tmp            (bitselect        ) [ 001110]
empty          (speclooptripcount) [ 000000]
stg_25         (br               ) [ 000000]
xbar_V_load_1  (load             ) [ 000100]
tmp_9          (bitselect        ) [ 000110]
xbar_V_load    (load             ) [ 000001]
xbar_V_1       (call             ) [ 000010]
stg_32         (br               ) [ 000000]
stg_33         (store            ) [ 000000]
stg_34         (br               ) [ 000000]
xbar_V_2       (call             ) [ 000000]
stg_37         (store            ) [ 000000]
stg_38         (br               ) [ 000000]
i              (add              ) [ 011110]
stg_40         (br               ) [ 011110]
call_ret3      (call             ) [ 000000]
stg_42         (write            ) [ 000000]
stg_43         (ret              ) [ 000000]
</LifeTime>

<model>

<comp_list>
<comp id="0" class="1000" name="M_V">
<pin_list>
<pin id="1" dir="1" index="0" bw="1" slack="2147483647"/>
</pin_list>
<bind>
<StgValue><ssdm name="M_V"/></StgValue>
</bind>
</comp>

<comp id="2" class="1000" name="e_V">
<pin_list>
<pin id="3" dir="1" index="0" bw="1" slack="0"/>
</pin_list>
<bind>
<StgValue><ssdm name="e_V"/></StgValue>
</bind>
</comp>

<comp id="4" class="1000" name="n_V">
<pin_list>
<pin id="5" dir="1" index="0" bw="1" slack="0"/>
</pin_list>
<bind>
<StgValue><ssdm name="n_V"/></StgValue>
</bind>
</comp>

<comp id="6" class="1000" name="Mbar_V">
<pin_list>
<pin id="7" dir="1" index="0" bw="1" slack="0"/>
</pin_list>
<bind>
<StgValue><ssdm name="Mbar_V"/></StgValue>
</bind>
</comp>

<comp id="8" class="1000" name="xbar_in_V">
<pin_list>
<pin id="9" dir="1" index="0" bw="1" slack="0"/>
</pin_list>
<bind>
<StgValue><ssdm name="xbar_in_V"/></StgValue>
</bind>
</comp>

<comp id="10" class="1000" name="out_V">
<pin_list>
<pin id="11" dir="1" index="0" bw="1" slack="0"/>
</pin_list>
<bind>
<StgValue><ssdm name="out_V"/></StgValue>
</bind>
</comp>

<comp id="12" class="1001" name="const_12">
<pin_list>
<pin id="13" dir="1" index="0" bw="1" slack="0"/>
</pin_list>
<bind>
<StgValue><ssdm name=""/></StgValue>
</bind>
</comp>

<comp id="14" class="1001" name="const_14">
<pin_list>
<pin id="15" dir="1" index="0" bw="1" slack="2147483647"/>
</pin_list>
<bind>
<StgValue><ssdm name="_ssdm_op_SpecBitsMap"/></StgValue>
</bind>
</comp>

<comp id="16" class="1001" name="const_16">
<pin_list>
<pin id="17" dir="1" index="0" bw="1" slack="2147483647"/>
</pin_list>
<bind>
<StgValue><ssdm name="_ssdm_op_SpecTopModule"/></StgValue>
</bind>
</comp>

<comp id="18" class="1001" name="const_18">
<pin_list>
<pin id="19" dir="1" index="0" bw="1" slack="2147483647"/>
</pin_list>
<bind>
<StgValue><ssdm name="ModExp_str"/></StgValue>
</bind>
</comp>

<comp id="20" class="1001" name="const_20">
<pin_list>
<pin id="21" dir="1" index="0" bw="1" slack="0"/>
</pin_list>
<bind>
<StgValue><ssdm name="_ssdm_op_Read.ap_auto.i1024"/></StgValue>
</bind>
</comp>

<comp id="22" class="1001" name="const_22">
<pin_list>
<pin id="23" dir="1" index="0" bw="1" slack="2147483647"/>
</pin_list>
<bind>
<StgValue><ssdm name="_ssdm_op_SpecResourceLimit"/></StgValue>
</bind>
</comp>

<comp id="24" class="1001" name="const_24">
<pin_list>
<pin id="25" dir="1" index="0" bw="1" slack="2147483647"/>
</pin_list>
<bind>
<StgValue><ssdm name="p_str14"/></StgValue>
</bind>
</comp>

<comp id="26" class="1001" name="const_26">
<pin_list>
<pin id="27" dir="1" index="0" bw="1" slack="2147483647"/>
</pin_list>
<bind>
<StgValue><ssdm name="ModExp_montMult.str"/></StgValue>
</bind>
</comp>

<comp id="28" class="1001" name="const_28">
<pin_list>
<pin id="29" dir="1" index="0" bw="1" slack="1"/>
</pin_list>
<bind>
<StgValue><ssdm name=""/></StgValue>
</bind>
</comp>

<comp id="30" class="1001" name="const_30">
<pin_list>
<pin id="31" dir="1" index="0" bw="1" slack="0"/>
</pin_list>
<bind>
<StgValue><ssdm name="_ssdm_op_BitSelect.i1.i11.i32"/></StgValue>
</bind>
</comp>

<comp id="32" class="1001" name="const_32">
<pin_list>
<pin id="33" dir="1" index="0" bw="1" slack="0"/>
</pin_list>
<bind>
<StgValue><ssdm name=""/></StgValue>
</bind>
</comp>

<comp id="34" class="1001" name="const_34">
<pin_list>
<pin id="35" dir="1" index="0" bw="1" slack="2147483647"/>
</pin_list>
<bind>
<StgValue><ssdm name="_ssdm_op_SpecLoopTripCount"/></StgValue>
</bind>
</comp>

<comp id="36" class="1001" name="const_36">
<pin_list>
<pin id="37" dir="1" index="0" bw="1" slack="2147483647"/>
</pin_list>
<bind>
<StgValue><ssdm name=""/></StgValue>
</bind>
</comp>

<comp id="38" class="1001" name="const_38">
<pin_list>
<pin id="39" dir="1" index="0" bw="1" slack="0"/>
</pin_list>
<bind>
<StgValue><ssdm name="ModExp_montMult"/></StgValue>
</bind>
</comp>

<comp id="40" class="1001" name="const_40">
<pin_list>
<pin id="41" dir="1" index="0" bw="1" slack="0"/>
</pin_list>
<bind>
<StgValue><ssdm name="_ssdm_op_BitSelect.i1.i1024.i32"/></StgValue>
</bind>
</comp>

<comp id="42" class="1001" name="const_42">
<pin_list>
<pin id="43" dir="1" index="0" bw="1" slack="0"/>
</pin_list>
<bind>
<StgValue><ssdm name=""/></StgValue>
</bind>
</comp>

<comp id="44" class="1001" name="const_44">
<pin_list>
<pin id="45" dir="1" index="0" bw="1" slack="0"/>
</pin_list>
<bind>
<StgValue><ssdm name=""/></StgValue>
</bind>
</comp>

<comp id="46" class="1001" name="const_46">
<pin_list>
<pin id="47" dir="1" index="0" bw="1" slack="0"/>
</pin_list>
<bind>
<StgValue><ssdm name="_ssdm_op_Write.ap_auto.i1024P"/></StgValue>
</bind>
</comp>

<comp id="48" class="1004" name="xbar_V_fu_48">
<pin_list>
<pin id="49" dir="0" index="0" bw="1" slack="0"/>
<pin id="50" dir="1" index="1" bw="1024" slack="0"/>
</pin_list>
<bind>
<opcode="alloca(26) " fcode="alloca"/>
<opset="xbar_V/1 "/>
</bind>
</comp>

<comp id="52" class="1004" name="xbar_in_V_read_read_fu_52">
<pin_list>
<pin id="53" dir="0" index="0" bw="1024" slack="0"/>
<pin id="54" dir="0" index="1" bw="1024" slack="0"/>
<pin id="55" dir="1" index="2" bw="1024" slack="0"/>
</pin_list>
<bind>
<opcode="read(1150) " fcode="read"/>
<opset="xbar_in_V_read/1 "/>
</bind>
</comp>

<comp id="58" class="1004" name="Mbar_V_read_read_fu_58">
<pin_list>
<pin id="59" dir="0" index="0" bw="1024" slack="0"/>
<pin id="60" dir="0" index="1" bw="1024" slack="0"/>
<pin id="61" dir="1" index="2" bw="1024" slack="2"/>
</pin_list>
<bind>
<opcode="read(1150) " fcode="read"/>
<opset="Mbar_V_read/1 "/>
</bind>
</comp>

<comp id="64" class="1004" name="n_V_read_read_fu_64">
<pin_list>
<pin id="65" dir="0" index="0" bw="1024" slack="0"/>
<pin id="66" dir="0" index="1" bw="1024" slack="0"/>
<pin id="67" dir="1" index="2" bw="1024" slack="1"/>
</pin_list>
<bind>
<opcode="read(1150) " fcode="read"/>
<opset="n_V_read/1 "/>
</bind>
</comp>

<comp id="70" class="1004" name="e_V_read_read_fu_70">
<pin_list>
<pin id="71" dir="0" index="0" bw="1024" slack="0"/>
<pin id="72" dir="0" index="1" bw="1024" slack="0"/>
<pin id="73" dir="1" index="2" bw="1024" slack="1"/>
</pin_list>
<bind>
<opcode="read(1150) " fcode="read"/>
<opset="e_V_read/1 "/>
</bind>
</comp>

<comp id="76" class="1004" name="stg_42_write_fu_76">
<pin_list>
<pin id="77" dir="0" index="0" bw="0" slack="0"/>
<pin id="78" dir="0" index="1" bw="1024" slack="0"/>
<pin id="79" dir="0" index="2" bw="1024" slack="0"/>
<pin id="80" dir="1" index="3" bw="0" slack="2147483647"/>
</pin_list>
<bind>
<opcode="write(1151) " fcode="write"/>
<opset="stg_42/5 "/>
</bind>
</comp>

<comp id="83" class="1005" name="i_assign_reg_83">
<pin_list>
<pin id="84" dir="0" index="0" bw="11" slack="1"/>
<pin id="85" dir="1" index="1" bw="11" slack="1"/>
</pin_list>
<bind>
<opset="i_assign (phireg) "/>
</bind>
</comp>

<comp id="87" class="1004" name="i_assign_phi_fu_87">
<pin_list>
<pin id="88" dir="0" index="0" bw="11" slack="1"/>
<pin id="89" dir="0" index="1" bw="0" slack="2147483647"/>
<pin id="90" dir="0" index="2" bw="11" slack="1"/>
<pin id="91" dir="0" index="3" bw="0" slack="2147483647"/>
<pin id="92" dir="1" index="4" bw="11" slack="0"/>
</pin_list>
<bind>
<opcode="phi(47) " fcode="phi"/>
<opset="i_assign/2 "/>
</bind>
</comp>

<comp id="95" class="1004" name="grp_ModExp_montMult_fu_95">
<pin_list>
<pin id="102" dir="0" index="0" bw="1024" slack="0"/>
<pin id="103" dir="0" index="1" bw="1024" slack="0"/>
<pin id="104" dir="0" index="2" bw="1024" slack="0"/>
<pin id="105" dir="0" index="3" bw="1024" slack="1"/>
<pin id="106" dir="1" index="4" bw="1024" slack="0"/>
</pin_list>
<bind>
<opcode="call(48) " fcode="call"/>
<opset="xbar_V_1/2 call_ret3/2 xbar_V_2/3 "/>
</bind>
</comp>

<comp id="124" class="1004" name="grp_load_fu_124">
<pin_list>
<pin id="125" dir="0" index="0" bw="1024" slack="1"/>
<pin id="126" dir="1" index="1" bw="1024" slack="0"/>
</pin_list>
<bind>
<opcode="load(27) " fcode="load"/>
<opset="xbar_V_load_1/2 xbar_V_load/2 "/>
</bind>
</comp>

<comp id="129" class="1004" name="grp_store_fu_129">
<pin_list>
<pin id="130" dir="0" index="0" bw="1024" slack="0"/>
<pin id="131" dir="0" index="1" bw="1024" slack="2"/>
<pin id="132" dir="1" index="2" bw="0" slack="2147483647"/>
</pin_list>
<bind>
<opcode="store(28) " fcode="store"/>
<opset="stg_33/3 stg_37/4 "/>
</bind>
</comp>

<comp id="134" class="1005" name="reg_134">
<pin_list>
<pin id="135" dir="0" index="0" bw="1024" slack="1"/>
<pin id="136" dir="1" index="1" bw="1024" slack="1"/>
</pin_list>
<bind>
<opset="xbar_V_load_1 xbar_V_load "/>
</bind>
</comp>

<comp id="140" class="1004" name="stg_19_store_fu_140">
<pin_list>
<pin id="141" dir="0" index="0" bw="1024" slack="0"/>
<pin id="142" dir="0" index="1" bw="1024" slack="0"/>
<pin id="143" dir="1" index="2" bw="0" slack="2147483647"/>
</pin_list>
<bind>
<opcode="store(28) " fcode="store"/>
<opset="stg_19/1 "/>
</bind>
</comp>

<comp id="145" class="1004" name="i_assign_cast_fu_145">
<pin_list>
<pin id="146" dir="0" index="0" bw="11" slack="0"/>
<pin id="147" dir="1" index="1" bw="32" slack="0"/>
</pin_list>
<bind>
<opcode="sext(35) " fcode="sext"/>
<opset="i_assign_cast/2 "/>
</bind>
</comp>

<comp id="149" class="1004" name="tmp_fu_149">
<pin_list>
<pin id="150" dir="0" index="0" bw="1" slack="0"/>
<pin id="151" dir="0" index="1" bw="11" slack="0"/>
<pin id="152" dir="0" index="2" bw="5" slack="0"/>
<pin id="153" dir="1" index="3" bw="1" slack="2147483647"/>
</pin_list>
<bind>
<opcode="bitselect(1000) " fcode="bitselect"/>
<opset="tmp/2 "/>
</bind>
</comp>

<comp id="157" class="1004" name="tmp_9_fu_157">
<pin_list>
<pin id="158" dir="0" index="0" bw="1" slack="0"/>
<pin id="159" dir="0" index="1" bw="1024" slack="1"/>
<pin id="160" dir="0" index="2" bw="11" slack="0"/>
<pin id="161" dir="1" index="3" bw="1" slack="1"/>
</pin_list>
<bind>
<opcode="bitselect(1000) " fcode="bitselect"/>
<opset="tmp_9/2 "/>
</bind>
</comp>

<comp id="164" class="1004" name="i_fu_164">
<pin_list>
<pin id="165" dir="0" index="0" bw="11" slack="2"/>
<pin id="166" dir="0" index="1" bw="1" slack="0"/>
<pin id="167" dir="1" index="2" bw="11" slack="1"/>
</pin_list>
<bind>
<opcode="add(8) " fcode="add"/>
<opset="i/4 "/>
</bind>
</comp>

<comp id="170" class="1005" name="xbar_V_reg_170">
<pin_list>
<pin id="171" dir="0" index="0" bw="1024" slack="0"/>
<pin id="172" dir="1" index="1" bw="1024" slack="0"/>
</pin_list>
<bind>
<opset="xbar_V "/>
</bind>
</comp>

<comp id="177" class="1005" name="Mbar_V_read_reg_177">
<pin_list>
<pin id="178" dir="0" index="0" bw="1024" slack="2"/>
<pin id="179" dir="1" index="1" bw="1024" slack="2"/>
</pin_list>
<bind>
<opset="Mbar_V_read "/>
</bind>
</comp>

<comp id="182" class="1005" name="n_V_read_reg_182">
<pin_list>
<pin id="183" dir="0" index="0" bw="1024" slack="1"/>
<pin id="184" dir="1" index="1" bw="1024" slack="1"/>
</pin_list>
<bind>
<opset="n_V_read "/>
</bind>
</comp>

<comp id="187" class="1005" name="e_V_read_reg_187">
<pin_list>
<pin id="188" dir="0" index="0" bw="1024" slack="1"/>
<pin id="189" dir="1" index="1" bw="1024" slack="1"/>
</pin_list>
<bind>
<opset="e_V_read "/>
</bind>
</comp>

<comp id="195" class="1005" name="tmp_9_reg_195">
<pin_list>
<pin id="196" dir="0" index="0" bw="1" slack="1"/>
<pin id="197" dir="1" index="1" bw="1" slack="2147483647"/>
</pin_list>
<bind>
<opset="tmp_9 "/>
</bind>
</comp>

<comp id="199" class="1005" name="xbar_V_1_reg_199">
<pin_list>
<pin id="200" dir="0" index="0" bw="1024" slack="1"/>
<pin id="201" dir="1" index="1" bw="1024" slack="1"/>
</pin_list>
<bind>
<opset="xbar_V_1 "/>
</bind>
</comp>

<comp id="204" class="1005" name="i_reg_204">
<pin_list>
<pin id="205" dir="0" index="0" bw="11" slack="1"/>
<pin id="206" dir="1" index="1" bw="11" slack="1"/>
</pin_list>
<bind>
<opset="i "/>
</bind>
</comp>

</comp_list>

<net_list>
<net id="51"><net_src comp="12" pin="0"/><net_sink comp="48" pin=0"/></net>

<net id="56"><net_src comp="20" pin="0"/><net_sink comp="52" pin=0"/></net>

<net id="57"><net_src comp="8" pin="0"/><net_sink comp="52" pin=1"/></net>

<net id="62"><net_src comp="20" pin="0"/><net_sink comp="58" pin=0"/></net>

<net id="63"><net_src comp="6" pin="0"/><net_sink comp="58" pin=1"/></net>

<net id="68"><net_src comp="20" pin="0"/><net_sink comp="64" pin=0"/></net>

<net id="69"><net_src comp="4" pin="0"/><net_sink comp="64" pin=1"/></net>

<net id="74"><net_src comp="20" pin="0"/><net_sink comp="70" pin=0"/></net>

<net id="75"><net_src comp="2" pin="0"/><net_sink comp="70" pin=1"/></net>

<net id="81"><net_src comp="46" pin="0"/><net_sink comp="76" pin=0"/></net>

<net id="82"><net_src comp="10" pin="0"/><net_sink comp="76" pin=1"/></net>

<net id="86"><net_src comp="28" pin="0"/><net_sink comp="83" pin=0"/></net>

<net id="93"><net_src comp="83" pin="1"/><net_sink comp="87" pin=0"/></net>

<net id="94"><net_src comp="87" pin="4"/><net_sink comp="83" pin=0"/></net>

<net id="107"><net_src comp="38" pin="0"/><net_sink comp="95" pin=0"/></net>

<net id="113"><net_src comp="95" pin="4"/><net_sink comp="76" pin=2"/></net>

<net id="114"><net_src comp="42" pin="0"/><net_sink comp="95" pin=2"/></net>

<net id="119"><net_src comp="95" pin="4"/><net_sink comp="95" pin=2"/></net>

<net id="127"><net_src comp="124" pin="1"/><net_sink comp="95" pin=1"/></net>

<net id="128"><net_src comp="124" pin="1"/><net_sink comp="95" pin=2"/></net>

<net id="133"><net_src comp="95" pin="4"/><net_sink comp="129" pin=0"/></net>

<net id="137"><net_src comp="124" pin="1"/><net_sink comp="134" pin=0"/></net>

<net id="138"><net_src comp="134" pin="1"/><net_sink comp="95" pin=1"/></net>

<net id="139"><net_src comp="134" pin="1"/><net_sink comp="95" pin=2"/></net>

<net id="144"><net_src comp="52" pin="2"/><net_sink comp="140" pin=0"/></net>

<net id="148"><net_src comp="87" pin="4"/><net_sink comp="145" pin=0"/></net>

<net id="154"><net_src comp="30" pin="0"/><net_sink comp="149" pin=0"/></net>

<net id="155"><net_src comp="87" pin="4"/><net_sink comp="149" pin=1"/></net>

<net id="156"><net_src comp="32" pin="0"/><net_sink comp="149" pin=2"/></net>

<net id="162"><net_src comp="40" pin="0"/><net_sink comp="157" pin=0"/></net>

<net id="163"><net_src comp="145" pin="1"/><net_sink comp="157" pin=2"/></net>

<net id="168"><net_src comp="83" pin="1"/><net_sink comp="164" pin=0"/></net>

<net id="169"><net_src comp="44" pin="0"/><net_sink comp="164" pin=1"/></net>

<net id="173"><net_src comp="48" pin="1"/><net_sink comp="170" pin=0"/></net>

<net id="174"><net_src comp="170" pin="1"/><net_sink comp="140" pin=1"/></net>

<net id="175"><net_src comp="170" pin="1"/><net_sink comp="124" pin=0"/></net>

<net id="176"><net_src comp="170" pin="1"/><net_sink comp="129" pin=1"/></net>

<net id="180"><net_src comp="58" pin="2"/><net_sink comp="177" pin=0"/></net>

<net id="181"><net_src comp="177" pin="1"/><net_sink comp="95" pin=1"/></net>

<net id="185"><net_src comp="64" pin="2"/><net_sink comp="182" pin=0"/></net>

<net id="186"><net_src comp="182" pin="1"/><net_sink comp="95" pin=3"/></net>

<net id="190"><net_src comp="70" pin="2"/><net_sink comp="187" pin=0"/></net>

<net id="191"><net_src comp="187" pin="1"/><net_sink comp="157" pin=1"/></net>

<net id="198"><net_src comp="157" pin="3"/><net_sink comp="195" pin=0"/></net>

<net id="202"><net_src comp="95" pin="4"/><net_sink comp="199" pin=0"/></net>

<net id="203"><net_src comp="199" pin="1"/><net_sink comp="95" pin=2"/></net>

<net id="207"><net_src comp="164" pin="2"/><net_sink comp="204" pin=0"/></net>

<net id="208"><net_src comp="204" pin="1"/><net_sink comp="87" pin=2"/></net>

</net_list>

</model> 
---------------- Datapath Model END ------------------

* FSMD analyzer results:
  - Output states:
	Port: out_V | {5 }
 - Input state : 
	Port: ModExp : e_V | {1 }
	Port: ModExp : n_V | {1 }
	Port: ModExp : Mbar_V | {1 }
	Port: ModExp : xbar_in_V | {1 }
  - Chain level:
	State 1
	State 2
		i_assign_cast : 1
		tmp : 1
		stg_25 : 2
		xbar_V_1 : 1
		tmp_9 : 2
		call_ret3 : 1
	State 3
		stg_33 : 1
		xbar_V_2 : 1
	State 4
		stg_37 : 1
	State 5
		stg_42 : 1


============================================================
+ Verbose Summary: Datapath Resource usage 
============================================================

* Functional unit list:
|----------|---------------------------|---------|---------|---------|
| Operation|      Functional Unit      |  Delay  |    FF   |   LUT   |
|----------|---------------------------|---------|---------|---------|
|   call   | grp_ModExp_montMult_fu_95 |  3.142  |  24627  |   8551  |
|----------|---------------------------|---------|---------|---------|
|    add   |          i_fu_164         |    0    |    0    |    11   |
|----------|---------------------------|---------|---------|---------|
|          | xbar_in_V_read_read_fu_52 |    0    |    0    |    0    |
|   read   |   Mbar_V_read_read_fu_58  |    0    |    0    |    0    |
|          |    n_V_read_read_fu_64    |    0    |    0    |    0    |
|          |    e_V_read_read_fu_70    |    0    |    0    |    0    |
|----------|---------------------------|---------|---------|---------|
|   write  |     stg_42_write_fu_76    |    0    |    0    |    0    |
|----------|---------------------------|---------|---------|---------|
|   sext   |    i_assign_cast_fu_145   |    0    |    0    |    0    |
|----------|---------------------------|---------|---------|---------|
| bitselect|         tmp_fu_149        |    0    |    0    |    0    |
|          |        tmp_9_fu_157       |    0    |    0    |    0    |
|----------|---------------------------|---------|---------|---------|
|   Total  |                           |  3.142  |  24627  |   8562  |
|----------|---------------------------|---------|---------|---------|

Memories:
N/A

* Register list:
+-------------------+--------+
|                   |   FF   |
+-------------------+--------+
|Mbar_V_read_reg_177|  1024  |
|  e_V_read_reg_187 |  1024  |
|  i_assign_reg_83  |   11   |
|     i_reg_204     |   11   |
|  n_V_read_reg_182 |  1024  |
|      reg_134      |  1024  |
|   tmp_9_reg_195   |    1   |
|  xbar_V_1_reg_199 |  1024  |
|   xbar_V_reg_170  |  1024  |
+-------------------+--------+
|       Total       |  6167  |
+-------------------+--------+

* Multiplexer (MUX) list: 
|---------------------------|------|------|------|--------||---------||---------|
|            Comp           |  Pin | Size |  BW  | S x BW ||  Delay  ||   LUT   |
|---------------------------|------|------|------|--------||---------||---------|
|      i_assign_reg_83      |  p0  |   2  |  11  |   22   ||    11   |
| grp_ModExp_montMult_fu_95 |  p1  |   3  | 1024 |  3072  ||   1024  |
| grp_ModExp_montMult_fu_95 |  p2  |   5  | 1024 |  5120  ||   1024  |
|---------------------------|------|------|------|--------||---------||---------|
|           Total           |      |      |      |  8214  ||  5.081  ||   2059  |
|---------------------------|------|------|------|--------||---------||---------|



* Summary:
+-----------+--------+--------+--------+
|           |  Delay |   FF   |   LUT  |
+-----------+--------+--------+--------+
|  Function |    3   |  24627 |  8562  |
|   Memory  |    -   |    -   |    -   |
|Multiplexer|    5   |    -   |  2059  |
|  Register |    -   |  6167  |    -   |
+-----------+--------+--------+--------+
|   Total   |    8   |  30794 |  10621 |
+-----------+--------+--------+--------+
